Microchip MPLAB XC8 Compiler V1.35 ()

Linker command line:

-W-3 --edf=C:\Program Files (x86)\Microchip\xc8\v1.35\dat\en_msgs.txt -cs \
  -h+dist/default/production\MAPPproject.X.production.sym \
  --cmf=dist/default/production\MAPPproject.X.production.cmf -z -Q18F4550 \
  -oC:\Users\sunda\AppData\Local\Temp\s6d0.2 \
  -Mdist/default/production/MAPPproject.X.production.map -E1 -ver=XC8 \
  -ASTACK=060h-07ffh -pstack=STACK -ACODE=01000h-07FFFh \
  -ACONST=01000h-07FFFh -ASMALLCONST=01000h-010FFhx112 \
  -AMEDIUMCONST=01000h-07FFFh -ACOMRAM=01h-05Fh -AABS1=00h-07FFh \
  -ABIGRAM=01h-07FFh -ARAM=060h-0FFh,0100h-01FFhx7 -ABANK0=060h-0FFh \
  -ABANK1=0100h-01FFh -ABANK2=0200h-02FFh -ABANK3=0300h-03FFh \
  -ABANK4=0400h-04FFh -ABANK5=0500h-05FFh -ABANK6=0600h-06FFh \
  -ABANK7=0700h-07FFh -ASFR=0F60h-0FFFh \
  -preset_vec=01000h,intcode,intcodelo,powerup,init,end_init -pramtop=0800h \
  -psmallconst=SMALLCONST -pmediumconst=MEDIUMCONST -pconst=CONST \
  -AFARRAM=00h-00h -ACONFIG=0300000h-030000Dh -pconfig=CONFIG \
  -AIDLOC=0200000h-0200007h -pidloc=IDLOC -AEEDATA=0F00000h-0F000FFh \
  -peeprom_data=EEDATA \
  -prdata=COMRAM,nvrram=COMRAM,nvbit=COMRAM,rbss=COMRAM,rbit=COMRAM \
  -pfarbss=FARRAM,fardata=FARRAM,nvFARRAM=FARRAM \
  -pintsave_regs=BIGRAM,bigbss=BIGRAM,bigdata=BIGRAM -pbss=RAM \
  -pidata=CODE,irdata=CODE,ibigdata=CODE,ifardata=CODE -prparam=COMRAM \
  C:\Users\sunda\AppData\Local\Temp\s6d0.obj \
  dist/default/production\MAPPproject.X.production.obj 

Object code version is 3.11

Machine type is 18F4550

Call graph: (short form)




                Name                               Link     Load   Length Selector   Space Scale
C:\Users\sunda\AppData\Local\Temp\s6d0.obj
                end_init                           1000     1000        4      800       0
                idloc                            200000   200000        8   200000       0
                config                           300000   300000        E   300000       0
dist/default/production\MAPPproject.X.production.obj
                smallconst                         1004     1004       14      802       0
                text9                              7D52     7D52       34     3EA9       0
                text8                              7DC0     7DC0       52     3EE0       0
                text7                              7EF4     7EF4       7A     3F7A       0
                text6                              7D08     7D08        4     3E84       0
                text5                              7D0C     7D0C        4     3E86       0
                text4                              7D30     7D30       22     3E98       0
                text3                              7E12     7E12       70     3F09       0
                text2                              7E82     7E82       72     3F41       0
                text1                              7F6E     7F6E       92     3FB7       0
                text0                              7D10     7D10        A     3E88       0
                cstackCOMRAM                         16       16       11        1       1
                dataCOMRAM                            1        1       15        1       1
                bssCOMRAM                            27       27        9        1       1
                cinit                              7D86     7D86       3A     3EC3       0
                idataCOMRAM                        7D1B     7D1B       15     7D1B       0

TOTAL           Name                               Link     Load   Length     Space
        CLASS   STACK          

        CLASS   CODE           
                end_init                           1000     1000        4         0
                text9                              7D52     7D52       34         0
                text8                              7DC0     7DC0       52         0
                text7                              7EF4     7EF4       7A         0
                text6                              7D08     7D08        4         0
                text5                              7D0C     7D0C        4         0
                text4                              7D30     7D30       22         0
                text3                              7E12     7E12       70         0
                text2                              7E82     7E82       72         0
                text1                              7F6E     7F6E       92         0
                text0                              7D10     7D10        A         0
                cinit                              7D86     7D86       3A         0
                idataCOMRAM                        7D1B     7D1B       15         0

        CLASS   CONST          

        CLASS   SMALLCONST     
                smallconst                         1004     1004       14         0

        CLASS   MEDIUMCONST    

        CLASS   COMRAM         
                cstackCOMRAM                         16       16       11         1
                dataCOMRAM                            1        1       15         1
                bssCOMRAM                            27       27        9         1

        CLASS   ABS1           

        CLASS   BIGRAM         

        CLASS   RAM            

        CLASS   BANK0          

        CLASS   BANK1          

        CLASS   BANK2          

        CLASS   BANK3          

        CLASS   BANK4          

        CLASS   BANK5          

        CLASS   BANK6          

        CLASS   BANK7          

        CLASS   SFR            

        CLASS   FARRAM         

        CLASS   CONFIG         
                config                           300000   300000        E         0

        CLASS   IDLOC          
                idloc                            200000   200000        8         0

        CLASS   EEDATA         



SEGMENTS        Name                           Load    Length   Top    Selector   Space  Class

                dataCOMRAM                     000001  00002F  000030         1       1  COMRAM  
                reset_vec                      001000  000004  001004       800       0  CODE    
                smallconst                     001004  000014  001018       802       0  SMALLCON
                text6                          007D08  000004  007D0C      3E84       0  CODE    
                text5                          007D0C  000004  007D10      3E86       0  CODE    
                text0                          007D10  00000A  007D1A      3E88       0  CODE    
                idataCOMRAM                    007D1B  000015  007D30      7D1B       0  CODE    
                text4                          007D30  000022  007D52      3E98       0  CODE    
                text9                          007D52  000034  007D86      3EA9       0  CODE    
                cinit                          007D86  00003A  007DC0      3EC3       0  CODE    
                text8                          007DC0  000052  007E12      3EE0       0  CODE    
                text3                          007E12  000070  007E82      3F09       0  CODE    
                text2                          007E82  000072  007EF4      3F41       0  CODE    
                text7                          007EF4  00007A  007F6E      3F7A       0  CODE    
                text1                          007F6E  000092  008000      3FB7       0  CODE    
                idloc                          200000  000008  200008    200000       0  IDLOC   
                config                         300000  00000E  30000E    300000       0  CONFIG  


UNUSED ADDRESS RANGES

        Name                Unused          Largest block    Delta
        BANK0            000060-0000FF               A0
        BANK1            000100-0001FF              100
        BANK2            000200-0002FF              100
        BANK3            000300-0003FF              100
        BANK4            000400-0004FF              100
        BANK5            000500-0005FF              100
        BANK6            000600-0006FF              100
        BANK7            000700-0007FF              100
        BIGRAM           000030-0007FF              7D0
        CODE             001018-007D07             6CF0
                         007D1A-007D1A                1
        COMRAM           000030-00005F               30
        CONST            001018-007D07             6CF0
                         007D1A-007D1A                1
        EEDATA           F00000-F000FF              100
        FARRAM           000000-000000                1
        MEDIUMCONST      001018-007D07             6CF0
                         007D1A-007D1A                1
        RAM              000060-0007FF              100
        SFR              000F60-000FFF               A0
        SMALLCONST       001018-007D07              100
                         007D1A-007D1A                1
        STACK            000060-0007FF              7A0

                                  Symbol Table

?___lwdiv                   cstackCOMRAM 000016
UltraSound@Count            cstackCOMRAM 000025
UltraSound@distance_cm      cstackCOMRAM 000023
_ADCON1                     (abs)        000FC1
_CCP1CON                    (abs)        000FBD
_CCP2CON                    (abs)        000FBA
_CCPR1L                     (abs)        000FBE
_CCPR2L                     (abs)        000FBB
_Message1                   dataCOMRAM   000001
_OSCCON                     (abs)        000FD3
_PORTAbits                  (abs)        000F80
_PORTB                      (abs)        000F81
_PORTBbits                  (abs)        000F81
_PORTCbits                  (abs)        000F82
_PORTD                      (abs)        000F83
_PORTDbits                  (abs)        000F83
_PR2                        (abs)        000FCB
_T2CON                      (abs)        000FCA
_T2CONbits                  (abs)        000FCA
_TMR2                       (abs)        000FCC
_TRISAbits                  (abs)        000F92
_TRISC                      (abs)        000F94
_TRISCbits                  (abs)        000F94
_TRISD                      (abs)        000F95
_UltraSound                 text1        007F6E
__HRAM                      (abs)        000000
__Habs1                     abs1         000000
__Hbank0                    bank0        000000
__Hbank1                    bank1        000000
__Hbank2                    bank2        000000
__Hbank3                    bank3        000000
__Hbank4                    bank4        000000
__Hbank5                    bank5        000000
__Hbank6                    bank6        000000
__Hbank7                    bank7        000000
__Hbigbss                   bigbss       000000
__Hbigdata                  bigdata      000000
__Hbigram                   bigram       000000
__Hbss                      bss          000000
__HbssCOMRAM                bssCOMRAM    000000
__Hcinit                    cinit        000000
__Hclrtext                  clrtext      000000
__Hcomram                   comram       000000
__Hconfig                   config       30000E
__Hconst                    const        000000
__HcstackCOMRAM             cstackCOMRAM 000000
__Hdata                     data         000000
__HdataCOMRAM               dataCOMRAM   000000
__Heeprom_data              eeprom_data  000000
__Hend_init                 end_init     001004
__Hfarbss                   farbss       000000
__Hfardata                  fardata      000000
__Hibigdata                 ibigdata     000000
__Hidata                    idata        000000
__HidataCOMRAM              idataCOMRAM  000000
__Hidloc                    idloc        200008
__Hifardata                 ifardata     000000
__Hinit                     init         001000
__Hintcode                  intcode      001000
__Hintcode_body             intcode_body 000000
__Hintcodelo                intcodelo    001000
__Hintentry                 intentry     000000
__Hintret                   intret       000000
__Hintsave_regs             intsave_regs 000000
__Hirdata                   irdata       000000
__Hmediumconst              mediumconst  000000
__HnvFARRAM                 nvFARRAM     000000
__Hnvbit                    nvbit        000000
__Hnvrram                   nvrram       000000
__Hparam                    rparam       000000
__Hpowerup                  powerup      001000
__Hram                      ram          000000
__Hramtop                   ramtop       000800
__Hrbit                     rbit         000000
__Hrbss                     rbss         000000
__Hrdata                    rdata        000000
__Hreset_vec                reset_vec    001000
__Hrparam                   rparam       000000
__Hsfr                      sfr          000000
__Hsmallconst               smallconst   001018
__Hspace_0                  (abs)        30000E
__Hspace_1                  (abs)        000030
__Hspace_2                  (abs)        000000
__Hstack                    stack        000000
__Hstruct                   struct       000000
__Htemp                     temp         000000
__Htext                     text         000000
__Htext0                    text0        000000
__Htext1                    text1        000000
__Htext2                    text2        000000
__Htext3                    text3        000000
__Htext4                    text4        000000
__Htext5                    text5        000000
__Htext6                    text6        000000
__Htext7                    text7        000000
__Htext8                    text8        000000
__Htext9                    text9        000000
__LRAM                      (abs)        000001
__Labs1                     abs1         000000
__Lbank0                    bank0        000000
__Lbank1                    bank1        000000
__Lbank2                    bank2        000000
__Lbank3                    bank3        000000
__Lbank4                    bank4        000000
__Lbank5                    bank5        000000
__Lbank6                    bank6        000000
__Lbank7                    bank7        000000
__Lbigbss                   bigbss       000000
__Lbigdata                  bigdata      000000
__Lbigram                   bigram       000000
__Lbss                      bss          000000
__LbssCOMRAM                bssCOMRAM    000000
__Lcinit                    cinit        000000
__Lclrtext                  clrtext      000000
__Lcomram                   comram       000000
__Lconfig                   config       300000
__Lconst                    const        000000
__LcstackCOMRAM             cstackCOMRAM 000000
__Ldata                     data         000000
__LdataCOMRAM               dataCOMRAM   000000
__Leeprom_data              eeprom_data  000000
__Lend_init                 end_init     001000
__Lfarbss                   farbss       000000
__Lfardata                  fardata      000000
__Libigdata                 ibigdata     000000
__Lidata                    idata        000000
__LidataCOMRAM              idataCOMRAM  000000
__Lidloc                    idloc        200000
__Lifardata                 ifardata     000000
__Linit                     init         001000
__Lintcode                  intcode      001000
__Lintcode_body             intcode_body 000000
__Lintcodelo                intcodelo    001000
__Lintentry                 intentry     000000
__Lintret                   intret       000000
__Lintsave_regs             intsave_regs 000000
__Lirdata                   irdata       000000
__Lmediumconst              mediumconst  000000
__LnvFARRAM                 nvFARRAM     000000
__Lnvbit                    nvbit        000000
__Lnvrram                   nvrram       000000
__Lparam                    rparam       000000
__Lpowerup                  powerup      001000
__Lram                      ram          000000
__Lramtop                   ramtop       000800
__Lrbit                     rbit         000000
__Lrbss                     rbss         000000
__Lrdata                    rdata        000000
__Lreset_vec                reset_vec    001000
__Lrparam                   rparam       000000
__Lsfr                      sfr          000000
__Lsmallconst               smallconst   001004
__Lspace_0                  (abs)        000000
__Lspace_1                  (abs)        000000
__Lspace_2                  (abs)        000000
__Lstack                    stack        000000
__Lstruct                   struct       000000
__Ltemp                     temp         000000
__Ltext                     text         000000
__Ltext0                    text0        000000
__Ltext1                    text1        000000
__Ltext2                    text2        000000
__Ltext3                    text3        000000
__Ltext4                    text4        000000
__Ltext5                    text5        000000
__Ltext6                    text6        000000
__Ltext7                    text7        000000
__Ltext8                    text8        000000
__Ltext9                    text9        000000
__S0                        (abs)        30000E
__S1                        (abs)        000030
__S2                        (abs)        000000
___inthi_sp                 stack        000000
___intlo_sp                 stack        000000
___lwdiv                    text8        007DC0
___lwdiv@counter            cstackCOMRAM 00001C
___lwdiv@dividend           cstackCOMRAM 000016
___lwdiv@divisor            cstackCOMRAM 000018
___lwdiv@quotient           cstackCOMRAM 00001A
___param_bank               (abs)        000010
___rparam_used              (abs)        000001
___sp                       stack        000000
__accesstop                 (abs)        000060
__activetblptr              (abs)        000001
__end_of_UltraSound         text1        008000
__end_of___lwdiv            text8        007E12
__end_of__initialization    cinit        007DB2
__end_of_delay_ms           text9        007D86
__end_of_delay_us           text7        007F6E
__end_of_lcd_backlight_off  text6        007D0C
__end_of_lcd_backlight_on   text5        007D10
__end_of_lcd_init           text2        007EF4
__end_of_lcd_strobe         text4        007D52
__end_of_lcd_write_cmd      text3        007E82
__end_of_main               text0        007D1A
__end_ofgetkey@F4444        smallconst   001017
__initialization            cinit        007D86
__mediumconst               mediumconst  000000
__pbssCOMRAM                bssCOMRAM    000027
__pcinit                    cinit        007D86
__pcstackCOMRAM             cstackCOMRAM 000016
__pdataCOMRAM               dataCOMRAM   000001
__pidataCOMRAM              idataCOMRAM  007D1B
__psmallconst               smallconst   001004
__ptext0                    text0        007D10
__ptext1                    text1        007F6E
__ptext2                    text2        007E82
__ptext3                    text3        007E12
__ptext4                    text4        007D30
__ptext5                    text5        007D0C
__ptext6                    text6        007D08
__ptext7                    text7        007EF4
__ptext8                    text8        007DC0
__ptext9                    text9        007D52
__ramtop                    ramtop       000800
__size_of_UltraSound        (abs)        000000
__size_of___lwdiv           (abs)        000000
__size_of_delay_ms          (abs)        000000
__size_of_delay_us          (abs)        000000
__size_of_lcd_backlight_off (abs)        000000
__size_of_lcd_backlight_on  (abs)        000000
__size_of_lcd_init          (abs)        000000
__size_of_lcd_strobe        (abs)        000000
__size_of_lcd_write_cmd     (abs)        000000
__size_of_main              (abs)        000000
__smallconst                smallconst   001004
_c                          bssCOMRAM    000029
_delay_ms                   text9        007D52
_delay_us                   text7        007EF4
_errno                      bssCOMRAM    000027
_key                        bssCOMRAM    00002A
_lcd_backlight_off          text6        007D08
_lcd_backlight_on           text5        007D0C
_lcd_init                   text2        007E82
_lcd_strobe                 text4        007D30
_lcd_write_cmd              text3        007E12
_main                       text0        007D10
_outchar                    bssCOMRAM    00002B
_p1                         bssCOMRAM    00002C
_p2                         bssCOMRAM    00002D
_p3                         bssCOMRAM    00002E
_p4                         bssCOMRAM    00002F
delay_ms@i                  cstackCOMRAM 000016
delay_ms@j                  cstackCOMRAM 000019
delay_us@i                  cstackCOMRAM 00001D
delay_us@j                  cstackCOMRAM 00001F
delay_us@lower              cstackCOMRAM 000021
end_of_initialization       cinit        007DB2
getkey@F4444                smallconst   001005
intlevel0                   text         000000
intlevel1                   text         000000
intlevel2                   text         000000
intlevel3                   text         000000
lcd_init@i                  cstackCOMRAM 00001B
lcd_write_cmd@cmd           cstackCOMRAM 000018
lcd_write_cmd@temp2         cstackCOMRAM 000019
stackhi                     (abs)        0007FF
stacklo                     (abs)        000060
start                       init         001000
start_initialization        cinit        007D86


FUNCTION INFORMATION:

 *************** function _main *****************
 Defined at:
		line 7 in file "newmain.c"
 Parameters:    Size  Location     Type
		None
 Auto vars:     Size  Location     Type
		None
 Return value:  Size  Location     Type
		None               void
 Registers used:
		wreg, status,2, status,0, cstack
 Tracked objects:
		On entry : 
		On exit  : 
		Unchanged: 
 Data sizes:     COMRAM   BANK0   BANK1   BANK2   BANK3   BANK4   BANK5   BANK6   BANK7
      Params:         0       0       0       0       0       0       0       0       0
      Locals:         0       0       0       0       0       0       0       0       0
      Temps:          0       0       0       0       0       0       0       0       0
      Totals:         0       0       0       0       0       0       0       0       0
Total ram usage:        0 bytes
 Hardware stack levels required when called:    4
 This function calls:
		_UltraSound
 This function is called by:
		Startup code after reset
 This function uses a non-reentrant model


 *************** function _UltraSound *****************
 Defined at:
		line 5 in file "UltraSound.c"
 Parameters:    Size  Location     Type
		None
 Auto vars:     Size  Location     Type
  Count           2   15[COMRAM] unsigned int 
  distance_cm     2   13[COMRAM] unsigned int 
 Return value:  Size  Location     Type
                  2    4[None  ] int 
 Registers used:
		wreg, status,2, status,0, cstack
 Tracked objects:
		On entry : 
		On exit  : 
		Unchanged: 
 Data sizes:     COMRAM   BANK0   BANK1   BANK2   BANK3   BANK4   BANK5   BANK6   BANK7
      Params:         0       0       0       0       0       0       0       0       0
      Locals:         4       0       0       0       0       0       0       0       0
      Temps:          0       0       0       0       0       0       0       0       0
      Totals:         4       0       0       0       0       0       0       0       0
Total ram usage:        4 bytes
 Hardware stack levels used:    1
 Hardware stack levels required when called:    3
 This function calls:
		___lwdiv
		_delay_ms
		_delay_us
		_lcd_backlight_off
		_lcd_backlight_on
		_lcd_init
 This function is called by:
		_main
 This function uses a non-reentrant model


 *************** function _lcd_init *****************
 Defined at:
		line 94 in file "lcd_utilities.c"
 Parameters:    Size  Location     Type
		None
 Auto vars:     Size  Location     Type
  i               2    5[COMRAM] int 
 Return value:  Size  Location     Type
		None               void
 Registers used:
		wreg, status,2, status,0, cstack
 Tracked objects:
		On entry : 
		On exit  : 
		Unchanged: 
 Data sizes:     COMRAM   BANK0   BANK1   BANK2   BANK3   BANK4   BANK5   BANK6   BANK7
      Params:         0       0       0       0       0       0       0       0       0
      Locals:         2       0       0       0       0       0       0       0       0
      Temps:          1       0       0       0       0       0       0       0       0
      Totals:         3       0       0       0       0       0       0       0       0
Total ram usage:        3 bytes
 Hardware stack levels used:    1
 Hardware stack levels required when called:    2
 This function calls:
		_lcd_write_cmd
 This function is called by:
		_UltraSound
		_LockMotor
 This function uses a non-reentrant model


 *************** function _lcd_write_cmd *****************
 Defined at:
		line 29 in file "lcd_utilities.c"
 Parameters:    Size  Location     Type
  cmd             1    wreg     unsigned char 
 Auto vars:     Size  Location     Type
  cmd             1    2[COMRAM] unsigned char 
  temp2           1    3[COMRAM] unsigned char 
 Return value:  Size  Location     Type
		None               void
 Registers used:
		wreg, status,2, status,0, cstack
 Tracked objects:
		On entry : 
		On exit  : 
		Unchanged: 
 Data sizes:     COMRAM   BANK0   BANK1   BANK2   BANK3   BANK4   BANK5   BANK6   BANK7
      Params:         0       0       0       0       0       0       0       0       0
      Locals:         2       0       0       0       0       0       0       0       0
      Temps:          1       0       0       0       0       0       0       0       0
      Totals:         3       0       0       0       0       0       0       0       0
Total ram usage:        3 bytes
 Hardware stack levels used:    1
 Hardware stack levels required when called:    1
 This function calls:
		_lcd_strobe
 This function is called by:
		_lcd_init
		_PIR
		_clearScreen
		_LockMotor
 This function uses a non-reentrant model


 *************** function _lcd_strobe *****************
 Defined at:
		line 84 in file "lcd_utilities.c"
 Parameters:    Size  Location     Type
		None
 Auto vars:     Size  Location     Type
		None
 Return value:  Size  Location     Type
		None               void
 Registers used:
		wreg
 Tracked objects:
		On entry : 
		On exit  : 
		Unchanged: 
 Data sizes:     COMRAM   BANK0   BANK1   BANK2   BANK3   BANK4   BANK5   BANK6   BANK7
      Params:         0       0       0       0       0       0       0       0       0
      Locals:         0       0       0       0       0       0       0       0       0
      Temps:          1       0       0       0       0       0       0       0       0
      Totals:         1       0       0       0       0       0       0       0       0
Total ram usage:        1 bytes
 Hardware stack levels used:    1
 This function calls:
		Nothing
 This function is called by:
		_lcd_write_cmd
		_lcd_write_data
 This function uses a non-reentrant model


 *************** function _lcd_backlight_on *****************
 Defined at:
		line 18 in file "lcd_utilities.c"
 Parameters:    Size  Location     Type
		None
 Auto vars:     Size  Location     Type
		None
 Return value:  Size  Location     Type
		None               void
 Registers used:
		None
 Tracked objects:
		On entry : 
		On exit  : 
		Unchanged: 
 Data sizes:     COMRAM   BANK0   BANK1   BANK2   BANK3   BANK4   BANK5   BANK6   BANK7
      Params:         0       0       0       0       0       0       0       0       0
      Locals:         0       0       0       0       0       0       0       0       0
      Temps:          0       0       0       0       0       0       0       0       0
      Totals:         0       0       0       0       0       0       0       0       0
Total ram usage:        0 bytes
 Hardware stack levels used:    1
 This function calls:
		Nothing
 This function is called by:
		_UltraSound
 This function uses a non-reentrant model


 *************** function _lcd_backlight_off *****************
 Defined at:
		line 23 in file "lcd_utilities.c"
 Parameters:    Size  Location     Type
		None
 Auto vars:     Size  Location     Type
		None
 Return value:  Size  Location     Type
		None               void
 Registers used:
		None
 Tracked objects:
		On entry : 
		On exit  : 
		Unchanged: 
 Data sizes:     COMRAM   BANK0   BANK1   BANK2   BANK3   BANK4   BANK5   BANK6   BANK7
      Params:         0       0       0       0       0       0       0       0       0
      Locals:         0       0       0       0       0       0       0       0       0
      Temps:          0       0       0       0       0       0       0       0       0
      Totals:         0       0       0       0       0       0       0       0       0
Total ram usage:        0 bytes
 Hardware stack levels used:    1
 This function calls:
		Nothing
 This function is called by:
		_UltraSound
 This function uses a non-reentrant model


 *************** function _delay_us *****************
 Defined at:
		line 17 in file "delays_utilities.c"
 Parameters:    Size  Location     Type
  i               2    7[COMRAM] unsigned int 
 Auto vars:     Size  Location     Type
  lower           2   11[COMRAM] unsigned int 
  j               2    9[COMRAM] unsigned int 
 Return value:  Size  Location     Type
		None               void
 Registers used:
		wreg, status,2, status,0, cstack
 Tracked objects:
		On entry : 
		On exit  : 
		Unchanged: 
 Data sizes:     COMRAM   BANK0   BANK1   BANK2   BANK3   BANK4   BANK5   BANK6   BANK7
      Params:         2       0       0       0       0       0       0       0       0
      Locals:         4       0       0       0       0       0       0       0       0
      Temps:          0       0       0       0       0       0       0       0       0
      Totals:         6       0       0       0       0       0       0       0       0
Total ram usage:        6 bytes
 Hardware stack levels used:    1
 Hardware stack levels required when called:    1
 This function calls:
		___lwdiv
 This function is called by:
		_UltraSound
 This function uses a non-reentrant model


 *************** function ___lwdiv *****************
 Defined at:
		line 8 in file "C:\Program Files (x86)\Microchip\xc8\v1.35\sources\common\lwdiv.c"
 Parameters:    Size  Location     Type
  dividend        2    0[COMRAM] unsigned int 
  divisor         2    2[COMRAM] unsigned int 
 Auto vars:     Size  Location     Type
  quotient        2    4[COMRAM] unsigned int 
  counter         1    6[COMRAM] unsigned char 
 Return value:  Size  Location     Type
                  2    0[COMRAM] unsigned int 
 Registers used:
		wreg, status,2, status,0
 Tracked objects:
		On entry : 
		On exit  : 
		Unchanged: 
 Data sizes:     COMRAM   BANK0   BANK1   BANK2   BANK3   BANK4   BANK5   BANK6   BANK7
      Params:         4       0       0       0       0       0       0       0       0
      Locals:         3       0       0       0       0       0       0       0       0
      Temps:          0       0       0       0       0       0       0       0       0
      Totals:         7       0       0       0       0       0       0       0       0
Total ram usage:        7 bytes
 Hardware stack levels used:    1
 This function calls:
		Nothing
 This function is called by:
		_delay_us
		_UltraSound
 This function uses a non-reentrant model


 *************** function _delay_ms *****************
 Defined at:
		line 10 in file "delays_utilities.c"
 Parameters:    Size  Location     Type
  i               2    0[COMRAM] unsigned int 
 Auto vars:     Size  Location     Type
  j               2    3[COMRAM] unsigned int 
 Return value:  Size  Location     Type
		None               void
 Registers used:
		wreg, status,2, status,0
 Tracked objects:
		On entry : 
		On exit  : 
		Unchanged: 
 Data sizes:     COMRAM   BANK0   BANK1   BANK2   BANK3   BANK4   BANK5   BANK6   BANK7
      Params:         2       0       0       0       0       0       0       0       0
      Locals:         2       0       0       0       0       0       0       0       0
      Temps:          1       0       0       0       0       0       0       0       0
      Totals:         5       0       0       0       0       0       0       0       0
Total ram usage:        5 bytes
 Hardware stack levels used:    1
 This function calls:
		Nothing
 This function is called by:
		_UltraSound
		_PIR
		_LockMotor
		_buzzer_but
 This function uses a non-reentrant model



MODULE INFORMATION

Module		Function		Class		Link	Load	Size
lcd_utilities.c
		_lcd_backlight_on		CODE           	7D0C	0000	5
		_lcd_backlight_off		CODE           	7D08	0000	5
		_lcd_write_cmd 		CODE           	7E12	0000	113
		_lcd_strobe    		CODE           	7D30	0000	35
		_lcd_init      		CODE           	7E82	0000	115

lcd_utilities.c estimated size: 273

UltraSound.c
		_UltraSound    		CODE           	7F6E	0000	147

UltraSound.c estimated size: 147

newmain.c
		_main          		CODE           	7D10	0000	11

newmain.c estimated size: 11

shared
		__initialization		CODE           	7D86	0000	45
		getkey@F4444   		SMALLCONST     	1005	0000	19

shared estimated size: 64

delays_utilities.c
		_delay_us      		CODE           	7EF4	0000	123
		_delay_ms      		CODE           	7D52	0000	53

delays_utilities.c estimated size: 176

C:\Program Files (x86)\Microchip\xc8\v1.35\sources\common\lwdiv.c
		___lwdiv       		CODE           	7DC0	0000	83

C:\Program Files (x86)\Microchip\xc8\v1.35\sources\common\lwdiv.c estimated size: 83

